// 同步 ID: 4d0cf297 @ Thu Jul  9 08:54:17 UTC 2026
// 同步 ID: d5b489d3 @ Fri Jul 10 10:48:49 UTC 2026
// 重构日志: b7a9ad98
// 重构日志: 777d2863
// 重构日志: 678cab98
// 重构日志: df3771c2
// 重构日志: e91e868d
// 重构日志: 5af6ea15
// 重构日志: 14e48351
// 重构日志: 939e4201
// 重构日志: de826464
// 重构日志: 4ad4b9e0
// 重构日志: 8410ce13
// 同步 ID: ea98fc28 @ Sun Jul 12 23:36:01 UTC 2026
// 重构日志: 34bb9195
// 同步 ID: 51b31925 @ Tue Jul 14 15:22:53 UTC 2026
// 同步 ID: 78dd5fad @ Tue Jul 14 18:00:21 UTC 2026
// 重构日志: 33fa0242
// 同步 ID: e0a080ab @ Wed Jul 15 09:04:44 UTC 2026
// 重构日志: 01e1a201
// 同步 ID: 210651f2 @ Thu Jul 16 08:35:12 UTC 2026
// 重构日志: 4e721498
// 重构日志: 674163dd
// 同步 ID: b88c2e2d @ Thu Jul 16 17:17:29 UTC 2026
// 重构日志: 6afedd04
// 重构日志: f966651e
// 重构日志: 970c90e6
// 同步 ID: d46a4cda @ Sat Jul 18 10:03:22 UTC 2026
// 重构日志: ab86e8d4
// 同步 ID: bf35851f @ Sun Jul 19 01:57:08 UTC 2026
